INFO:     Will watch for changes in these directories: ['/Users/safaafaraji/ocr-intelligent-projet/ocr-intelligent/backend']
INFO:     Uvicorn running on http://0.0.0.0:8000 (Press CTRL+C to quit)
INFO:     Started reloader process [81482] using WatchFiles
🚀 Démarrage du serveur OCR Intelligent...
📍 URL: http://localhost:8000
📄 Documentation: http://localhost:8000/docs
🔑 Identifiants démo: demo / demo123

🛑 Appuyez sur Ctrl+C pour arrêter

Process SpawnProcess-1:
Traceback (most recent call last):
  File "/Users/safaafaraji/ocr-intelligent-projet/ocr-intelligent/backend/venv/lib/python3.11/site-packages/pydantic/networks.py", line 352, in import_email_validator
    import email_validator
ModuleNotFoundError: No module named 'email_validator'

The above exception was the direct cause of the following exception:

Traceback (most recent call last):
  File "/opt/homebrew/Cellar/python@3.11/3.11.14_1/Frameworks/Python.framework/Versions/3.11/lib/python3.11/multiprocessing/process.py", line 314, in _bootstrap
    self.run()
  File "/opt/homebrew/Cellar/python@3.11/3.11.14_1/Frameworks/Python.framework/Versions/3.11/lib/python3.11/multiprocessing/process.py", line 108, in run
    self._target(*self._args, **self._kwargs)
  File "/Users/safaafaraji/ocr-intelligent-projet/ocr-intelligent/backend/venv/lib/python3.11/site-packages/uvicorn/_subprocess.py", line 76, in subprocess_started
    target(sockets=sockets)
  File "/Users/safaafaraji/ocr-intelligent-projet/ocr-intelligent/backend/venv/lib/python3.11/site-packages/uvicorn/server.py", line 61, in run
    return asyncio.run(self.serve(sockets=sockets))
           ^^^^^^^^^^^^^^^^^^^^^^^^^^^^^^^^^^^^^^^^
  File "/opt/homebrew/Cellar/python@3.11/3.11.14_1/Frameworks/Python.framework/Versions/3.11/lib/python3.11/asyncio/runners.py", line 190, in run
    return runner.run(main)
           ^^^^^^^^^^^^^^^^
  File "/opt/homebrew/Cellar/python@3.11/3.11.14_1/Frameworks/Python.framework/Versions/3.11/lib/python3.11/asyncio/runners.py", line 118, in run
    return self._loop.run_until_complete(task)
           ^^^^^^^^^^^^^^^^^^^^^^^^^^^^^^^^^^^
  File "uvloop/loop.pyx", line 1518, in uvloop.loop.Loop.run_until_complete
  File "/Users/safaafaraji/ocr-intelligent-projet/ocr-intelligent/backend/venv/lib/python3.11/site-packages/uvicorn/server.py", line 68, in serve
    config.load()
  File "/Users/safaafaraji/ocr-intelligent-projet/ocr-intelligent/backend/venv/lib/python3.11/site-packages/uvicorn/config.py", line 467, in load
    self.loaded_app = import_from_string(self.app)
                      ^^^^^^^^^^^^^^^^^^^^^^^^^^^^
  File "/Users/safaafaraji/ocr-intelligent-projet/ocr-intelligent/backend/venv/lib/python3.11/site-packages/uvicorn/importer.py", line 21, in import_from_string
    module = importlib.import_module(module_str)
             ^^^^^^^^^^^^^^^^^^^^^^^^^^^^^^^^^^^
  File "/opt/homebrew/Cellar/python@3.11/3.11.14_1/Frameworks/Python.framework/Versions/3.11/lib/python3.11/importlib/__init__.py", line 126, in import_module
    return _bootstrap._gcd_import(name[level:], package, level)
           ^^^^^^^^^^^^^^^^^^^^^^^^^^^^^^^^^^^^^^^^^^^^^^^^^^^^
  File "<frozen importlib._bootstrap>", line 1204, in _gcd_import
  File "<frozen importlib._bootstrap>", line 1176, in _find_and_load
  File "<frozen importlib._bootstrap>", line 1147, in _find_and_load_unlocked
  File "<frozen importlib._bootstrap>", line 690, in _load_unlocked
  File "<frozen importlib._bootstrap_external>", line 940, in exec_module
  File "<frozen importlib._bootstrap>", line 241, in _call_with_frames_removed
  File "/Users/safaafaraji/ocr-intelligent-projet/ocr-intelligent/backend/app/main.py", line 7, in <module>
    from app.api.auth import router as auth_router
  File "/Users/safaafaraji/ocr-intelligent-projet/ocr-intelligent/backend/app/api/__init__.py", line 1, in <module>
    from app.api.ocr import router as ocr_router
  File "/Users/safaafaraji/ocr-intelligent-projet/ocr-intelligent/backend/app/api/ocr.py", line 11, in <module>
    from app.schemas.ocr import OCRResponse, BatchOCRResponse
  File "/Users/safaafaraji/ocr-intelligent-projet/ocr-intelligent/backend/app/schemas/__init__.py", line 1, in <module>
    from app.schemas.user import User, UserCreate, UserUpdate, Token, TokenData, UserLogin
  File "/Users/safaafaraji/ocr-intelligent-projet/ocr-intelligent/backend/app/schemas/user.py", line 12, in <module>
    class UserBase(BaseModel):
  File "/Users/safaafaraji/ocr-intelligent-projet/ocr-intelligent/backend/venv/lib/python3.11/site-packages/pydantic/_internal/_model_construction.py", line 182, in __new__
    complete_model_class(
  File "/Users/safaafaraji/ocr-intelligent-projet/ocr-intelligent/backend/venv/lib/python3.11/site-packages/pydantic/_internal/_model_construction.py", line 491, in complete_model_class
    schema = cls.__get_pydantic_core_schema__(cls, handler)
             ^^^^^^^^^^^^^^^^^^^^^^^^^^^^^^^^^^^^^^^^^^^^^^
  File "/Users/safaafaraji/ocr-intelligent-projet/ocr-intelligent/backend/venv/lib/python3.11/site-packages/pydantic/main.py", line 578, in __get_pydantic_core_schema__
    return __handler(__source)
           ^^^^^^^^^^^^^^^^^^^
  File "/Users/safaafaraji/ocr-intelligent-projet/ocr-intelligent/backend/venv/lib/python3.11/site-packages/pydantic/_internal/_schema_generation_shared.py", line 82, in __call__
    schema = self._handler(__source_type)
             ^^^^^^^^^^^^^^^^^^^^^^^^^^^^
  File "/Users/safaafaraji/ocr-intelligent-projet/ocr-intelligent/backend/venv/lib/python3.11/site-packages/pydantic/_internal/_generate_schema.py", line 468, in generate_schema
    schema = self._generate_schema(obj)
             ^^^^^^^^^^^^^^^^^^^^^^^^^^
  File "/Users/safaafaraji/ocr-intelligent-projet/ocr-intelligent/backend/venv/lib/python3.11/site-packages/pydantic/_internal/_generate_schema.py", line 700, in _generate_schema
    schema = self._post_process_generated_schema(self._generate_schema_inner(obj))
                                                 ^^^^^^^^^^^^^^^^^^^^^^^^^^^^^^^^
  File "/Users/safaafaraji/ocr-intelligent-projet/ocr-intelligent/backend/venv/lib/python3.11/site-packages/pydantic/_internal/_generate_schema.py", line 722, in _generate_schema_inner
    return self._model_schema(obj)
           ^^^^^^^^^^^^^^^^^^^^^^^
  File "/Users/safaafaraji/ocr-intelligent-projet/ocr-intelligent/backend/venv/lib/python3.11/site-packages/pydantic/_internal/_generate_schema.py", line 541, in _model_schema
    {k: self._generate_md_field_schema(k, v, decorators) for k, v in fields.items()},
    ^^^^^^^^^^^^^^^^^^^^^^^^^^^^^^^^^^^^^^^^^^^^^^^^^^^^^^^^^^^^^^^^^^^^^^^^^^^^^^^^
  File "/Users/safaafaraji/ocr-intelligent-projet/ocr-intelligent/backend/venv/lib/python3.11/site-packages/pydantic/_internal/_generate_schema.py", line 541, in <dictcomp>
    {k: self._generate_md_field_schema(k, v, decorators) for k, v in fields.items()},
        ^^^^^^^^^^^^^^^^^^^^^^^^^^^^^^^^^^^^^^^^^^^^^^^^
  File "/Users/safaafaraji/ocr-intelligent-projet/ocr-intelligent/backend/venv/lib/python3.11/site-packages/pydantic/_internal/_generate_schema.py", line 886, in _generate_md_field_schema
    common_field = self._common_field_schema(name, field_info, decorators)
                   ^^^^^^^^^^^^^^^^^^^^^^^^^^^^^^^^^^^^^^^^^^^^^^^^^^^^^^^
  File "/Users/safaafaraji/ocr-intelligent-projet/ocr-intelligent/backend/venv/lib/python3.11/site-packages/pydantic/_internal/_generate_schema.py", line 951, in _common_field_schema
    schema = self._apply_annotations(
             ^^^^^^^^^^^^^^^^^^^^^^^^
  File "/Users/safaafaraji/ocr-intelligent-projet/ocr-intelligent/backend/venv/lib/python3.11/site-packages/pydantic/_internal/_generate_schema.py", line 1654, in _apply_annotations
    schema = get_inner_schema(source_type)
             ^^^^^^^^^^^^^^^^^^^^^^^^^^^^^
  File "/Users/safaafaraji/ocr-intelligent-projet/ocr-intelligent/backend/venv/lib/python3.11/site-packages/pydantic/_internal/_schema_generation_shared.py", line 82, in __call__
    schema = self._handler(__source_type)
             ^^^^^^^^^^^^^^^^^^^^^^^^^^^^
  File "/Users/safaafaraji/ocr-intelligent-projet/ocr-intelligent/backend/venv/lib/python3.11/site-packages/pydantic/_internal/_generate_schema.py", line 1633, in inner_handler
    from_property = self._generate_schema_from_property(obj, obj)
                    ^^^^^^^^^^^^^^^^^^^^^^^^^^^^^^^^^^^^^^^^^^^^^
  File "/Users/safaafaraji/ocr-intelligent-projet/ocr-intelligent/backend/venv/lib/python3.11/site-packages/pydantic/_internal/_generate_schema.py", line 616, in _generate_schema_from_property
    schema = get_schema(
             ^^^^^^^^^^^
  File "/Users/safaafaraji/ocr-intelligent-projet/ocr-intelligent/backend/venv/lib/python3.11/site-packages/pydantic/networks.py", line 390, in __get_pydantic_core_schema__
    import_email_validator()
  File "/Users/safaafaraji/ocr-intelligent-projet/ocr-intelligent/backend/venv/lib/python3.11/site-packages/pydantic/networks.py", line 354, in import_email_validator
    raise ImportError('email-validator is not installed, run `pip install pydantic[email]`') from e
ImportError: email-validator is not installed, run `pip install pydantic[email]`
WARNING:  WatchFiles detected changes in 'venv/lib/python3.11/site-packages/dns/tokenizer.py', 'venv/lib/python3.11/site-packages/dns/zonetypes.py', 'venv/lib/python3.11/site-packages/dns/rdtypes/ANY/HIP.py', 'venv/lib/python3.11/site-packages/dns/rdtypes/ANY/RRSIG.py', 'venv/lib/python3.11/site-packages/dns/rdtypes/ANY/AVC.py', 'venv/lib/python3.11/site-packages/email_validator/__main__.py', 'venv/lib/python3.11/site-packages/email_validator/__init__.py', 'venv/lib/python3.11/site-packages/email_validator/deliverability.py', 'venv/lib/python3.11/site-packages/dns/rdtypes/ANY/OPT.py', 'venv/lib/python3.11/site-packages/dns/rdtypes/IN/PX.py', 'venv/lib/python3.11/site-packages/dns/rdtypes/IN/SVCB.py', 'venv/lib/python3.11/site-packages/dns/rdtypes/ANY/TLSA.py', 'venv/lib/python3.11/site-packages/dns/rdtypes/ANY/NSEC3PARAM.py', 'venv/lib/python3.11/site-packages/dns/rdtypes/IN/WKS.py', 'venv/lib/python3.11/site-packages/dns/rdtypes/IN/SRV.py', 'venv/lib/python3.11/site-packages/dns/ipv4.py', 'venv/lib/python3.11/site-packages/dns/inet.py', 'venv/lib/python3.11/site-packages/dns/serial.py', 'venv/lib/python3.11/site-packages/dns/dnssecalgs/ecdsa.py', 'venv/lib/python3.11/site-packages/dns/rdtypes/ANY/LOC.py', 'venv/lib/python3.11/site-packages/dns/rdtypes/ANY/SMIMEA.py', 'venv/lib/python3.11/site-packages/dns/_immutable_ctx.py', 'venv/lib/python3.11/site-packages/dns/rdtypes/IN/DHCID.py', 'venv/lib/python3.11/site-packages/dns/rdtypes/mxbase.py', 'venv/lib/python3.11/site-packages/dns/rdtypes/ANY/TXT.py', 'venv/lib/python3.11/site-packages/dns/dnssecalgs/base.py', 'venv/lib/python3.11/site-packages/dns/opcode.py', 'venv/lib/python3.11/site-packages/dns/rdataset.py', 'venv/lib/python3.11/site-packages/dns/asyncquery.py', 'venv/lib/python3.11/site-packages/dns/rdtypes/ANY/NSEC.py', 'venv/lib/python3.11/site-packages/dns/rdtypes/ANY/RESINFO.py', 'venv/lib/python3.11/site-packages/email_validator/rfc_constants.py', 'venv/lib/python3.11/site-packages/dns/rdtypes/ANY/DSYNC.py', 'venv/lib/python3.11/site-packages/dns/namedict.py', 'venv/lib/python3.11/site-packages/dns/dnssecalgs/rsa.py', 'venv/lib/python3.11/site-packages/dns/versioned.py', 'venv/lib/python3.11/site-packages/dns/immutable.py', 'venv/lib/python3.11/site-packages/dns/rdtypes/ANY/HINFO.py', 'venv/lib/python3.11/site-packages/dns/rdtypes/ANY/ZONEMD.py', 'venv/lib/python3.11/site-packages/dns/dnssecalgs/dsa.py', 'venv/lib/python3.11/site-packages/dns/rdtypes/IN/AAAA.py', 'venv/lib/python3.11/site-packages/dns/rdtypes/ANY/CAA.py', 'venv/lib/python3.11/site-packages/dns/xfr.py', 'venv/lib/python3.11/site-packages/dns/rdtypes/tlsabase.py', 'venv/lib/python3.11/site-packages/dns/entropy.py', 'venv/lib/python3.11/site-packages/email_validator/exceptions.py', 'venv/lib/python3.11/site-packages/dns/rdtypes/IN/__init__.py', 'venv/lib/python3.11/site-packages/dns/rdtypes/ANY/URI.py', 'venv/lib/python3.11/site-packages/dns/zone.py', 'venv/lib/python3.11/site-packages/dns/rdtypes/ANY/DS.py', 'venv/lib/python3.11/site-packages/dns/rdtypes/ANY/DNSKEY.py', 'venv/lib/python3.11/site-packages/dns/e164.py', 'venv/lib/python3.11/site-packages/dns/btreezone.py', 'venv/lib/python3.11/site-packages/dns/ttl.py', 'venv/lib/python3.11/site-packages/dns/message.py', 'venv/lib/python3.11/site-packages/dns/exception.py', 'venv/lib/python3.11/site-packages/dns/rdtypes/euibase.py', 'venv/lib/python3.11/site-packages/dns/version.py', 'venv/lib/python3.11/site-packages/dns/rdtypes/ANY/MX.py', 'venv/lib/python3.11/site-packages/dns/rdtypes/dnskeybase.py', 'venv/lib/python3.11/site-packages/dns/rdtypes/IN/IPSECKEY.py', 'venv/lib/python3.11/site-packages/dns/rdtypes/ANY/CSYNC.py', 'venv/lib/python3.11/site-packages/dns/rdtypes/dsbase.py', 'venv/lib/python3.11/site-packages/dns/rdtypes/ANY/PTR.py', 'venv/lib/python3.11/site-packages/dns/_trio_backend.py', 'venv/lib/python3.11/site-packages/dns/nameserver.py', 'venv/lib/python3.11/site-packages/dns/wire.py', 'venv/lib/python3.11/site-packages/dns/flags.py', 'venv/lib/python3.11/site-packages/dns/dnssecalgs/__init__.py', 'venv/lib/python3.11/site-packages/dns/_features.py', 'venv/lib/python3.11/site-packages/dns/rdtypes/ANY/NINFO.py', 'venv/lib/python3.11/site-packages/dns/renderer.py', 'venv/lib/python3.11/site-packages/dns/rdtypes/util.py', 'venv/lib/python3.11/site-packages/dns/rdtypes/svcbbase.py', 'venv/lib/python3.11/site-packages/dns/dnssecalgs/eddsa.py', 'venv/lib/python3.11/site-packages/dns/rdtypes/ANY/AFSDB.py', 'venv/lib/python3.11/site-packages/dns/_ddr.py', 'venv/lib/python3.11/site-packages/dns/rdtypes/ANY/GPOS.py', 'venv/lib/python3.11/site-packages/dns/rdtypes/ANY/L64.py', 'venv/lib/python3.11/site-packages/dns/rdtypes/ANY/ISDN.py', 'venv/lib/python3.11/site-packages/dns/rdtypes/ANY/LP.py', 'venv/lib/python3.11/site-packages/dns/node.py', 'venv/lib/python3.11/site-packages/dns/rdtypes/CH/__init__.py', 'venv/lib/python3.11/site-packages/dns/rdtypes/ANY/RT.py', 'venv/lib/python3.11/site-packages/dns/rdtypes/ANY/SPF.py', 'venv/lib/python3.11/site-packages/dns/rdatatype.py', 'venv/lib/python3.11/site-packages/dns/asyncbackend.py', 'venv/lib/python3.11/site-packages/dns/rdtypes/ANY/RP.py', 'venv/lib/python3.11/site-packages/dns/asyncresolver.py', 'venv/lib/python3.11/site-packages/dns/rdtypes/ANY/NID.py', 'venv/lib/python3.11/site-packages/dns/rdtypes/ANY/WALLET.py', 'venv/lib/python3.11/site-packages/dns/rdtypes/ANY/TKEY.py', 'venv/lib/python3.11/site-packages/dns/rdtypes/IN/KX.py', 'venv/lib/python3.11/site-packages/dns/rdtypes/IN/A.py', 'venv/lib/python3.11/site-packages/dns/rdtypes/IN/NAPTR.py', 'venv/lib/python3.11/site-packages/dns/rcode.py', 'venv/lib/python3.11/site-packages/dns/quic/_common.py', 'venv/lib/python3.11/site-packages/dns/rdtypes/ANY/OPENPGPKEY.py', 'venv/lib/python3.11/site-packages/dns/rdtypes/ANY/X25.py', 'venv/lib/python3.11/site-packages/email_validator/version.py', 'venv/lib/python3.11/site-packages/dns/rdtypes/txtbase.py', 'venv/lib/python3.11/site-packages/dns/rdtypes/__init__.py', 'venv/lib/python3.11/site-packages/dns/quic/__init__.py', 'venv/lib/python3.11/site-packages/dns/rdtypes/ANY/CDS.py', 'venv/lib/python3.11/site-packages/dns/tsigkeyring.py', 'venv/lib/python3.11/site-packages/dns/_tls_util.py', 'venv/lib/python3.11/site-packages/dns/quic/_trio.py', 'venv/lib/python3.11/site-packages/dns/resolver.py', 'venv/lib/python3.11/site-packages/dns/tsig.py', 'venv/lib/python3.11/site-packages/dns/grange.py', 'venv/lib/python3.11/site-packages/dns/update.py', 'venv/lib/python3.11/site-packages/dns/rdtypes/ANY/SSHFP.py', 'venv/lib/python3.11/site-packages/dns/ipv6.py', 'venv/lib/python3.11/site-packages/dns/set.py', 'venv/lib/python3.11/site-packages/dns/rdtypes/ANY/CDNSKEY.py', 'venv/lib/python3.11/site-packages/dns/_asyncio_backend.py', 'venv/lib/python3.11/site-packages/dns/rdataclass.py', 'venv/lib/python3.11/site-packages/dns/rdtypes/nsbase.py', 'venv/lib/python3.11/site-packages/dns/rdtypes/IN/NSAP.py', 'venv/lib/python3.11/site-packages/dns/rdtypes/ANY/DLV.py', 'venv/lib/python3.11/site-packages/dns/rdtypes/ANY/L32.py', 'venv/lib/python3.11/site-packages/dns/rrset.py', 'venv/lib/python3.11/site-packages/dns/reversename.py', 'venv/lib/python3.11/site-packages/dns/edns.py', 'venv/lib/python3.11/site-packages/dns/__init__.py', 'venv/lib/python3.11/site-packages/dns/rdtypes/ANY/EUI48.py', 'venv/lib/python3.11/site-packages/dns/dnssecalgs/cryptography.py', 'venv/lib/python3.11/site-packages/dns/_no_ssl.py', 'venv/lib/python3.11/site-packages/dns/rdtypes/ANY/DNAME.py', 'venv/lib/python3.11/site-packages/dns/transaction.py', 'venv/lib/python3.11/site-packages/dns/zonefile.py', 'venv/lib/python3.11/site-packages/dns/rdtypes/ANY/TSIG.py', 'venv/lib/python3.11/site-packages/dns/dnssec.py', 'venv/lib/python3.11/site-packages/dns/enum.py', 'venv/lib/python3.11/site-packages/dns/rdtypes/ANY/SOA.py', 'venv/lib/python3.11/site-packages/dns/query.py', 'venv/lib/python3.11/site-packages/dns/rdtypes/ANY/EUI64.py', 'venv/lib/python3.11/site-packages/dns/dnssectypes.py', 'venv/lib/python3.11/site-packages/dns/quic/_asyncio.py', 'venv/lib/python3.11/site-packages/dns/rdtypes/CH/A.py', 'venv/lib/python3.11/site-packages/dns/btree.py', 'venv/lib/python3.11/site-packages/dns/quic/_sync.py', 'venv/lib/python3.11/site-packages/dns/name.py', 'venv/lib/python3.11/site-packages/dns/rdtypes/ANY/NSEC3.py', 'venv/lib/python3.11/site-packages/dns/rdtypes/ANY/CERT.py', 'venv/lib/python3.11/site-packages/dns/rdtypes/ANY/__init__.py', 'venv/lib/python3.11/site-packages/dns/win32util.py', 'venv/lib/python3.11/site-packages/email_validator/types.py', 'venv/lib/python3.11/site-packages/dns/_asyncbackend.py', 'venv/lib/python3.11/site-packages/dns/rdtypes/ANY/AMTRELAY.py', 'venv/lib/python3.11/site-packages/dns/rdtypes/IN/HTTPS.py', 'venv/lib/python3.11/site-packages/email_validator/validate_email.py', 'venv/lib/python3.11/site-packages/dns/rdtypes/IN/APL.py', 'venv/lib/python3.11/site-packages/dns/rdtypes/ANY/NS.py', 'venv/lib/python3.11/site-packages/dns/rdata.py', 'venv/lib/python3.11/site-packages/dns/rdtypes/ANY/CNAME.py', 'venv/lib/python3.11/site-packages/dns/rdtypes/IN/NSAP_PTR.py', 'venv/lib/python3.11/site-packages/email_validator/syntax.py'. Reloading...
Process SpawnProcess-2:
Traceback (most recent call last):
  File "/opt/homebrew/Cellar/python@3.11/3.11.14_1/Frameworks/Python.framework/Versions/3.11/lib/python3.11/multiprocessing/process.py", line 314, in _bootstrap
    self.run()
  File "/opt/homebrew/Cellar/python@3.11/3.11.14_1/Frameworks/Python.framework/Versions/3.11/lib/python3.11/multiprocessing/process.py", line 108, in run
    self._target(*self._args, **self._kwargs)
  File "/Users/safaafaraji/ocr-intelligent-projet/ocr-intelligent/backend/venv/lib/python3.11/site-packages/uvicorn/_subprocess.py", line 76, in subprocess_started
    target(sockets=sockets)
  File "/Users/safaafaraji/ocr-intelligent-projet/ocr-intelligent/backend/venv/lib/python3.11/site-packages/uvicorn/server.py", line 61, in run
    return asyncio.run(self.serve(sockets=sockets))
           ^^^^^^^^^^^^^^^^^^^^^^^^^^^^^^^^^^^^^^^^
  File "/opt/homebrew/Cellar/python@3.11/3.11.14_1/Frameworks/Python.framework/Versions/3.11/lib/python3.11/asyncio/runners.py", line 190, in run
    return runner.run(main)
           ^^^^^^^^^^^^^^^^
  File "/opt/homebrew/Cellar/python@3.11/3.11.14_1/Frameworks/Python.framework/Versions/3.11/lib/python3.11/asyncio/runners.py", line 118, in run
    return self._loop.run_until_complete(task)
           ^^^^^^^^^^^^^^^^^^^^^^^^^^^^^^^^^^^
  File "uvloop/loop.pyx", line 1518, in uvloop.loop.Loop.run_until_complete
  File "/Users/safaafaraji/ocr-intelligent-projet/ocr-intelligent/backend/venv/lib/python3.11/site-packages/uvicorn/server.py", line 68, in serve
    config.load()
  File "/Users/safaafaraji/ocr-intelligent-projet/ocr-intelligent/backend/venv/lib/python3.11/site-packages/uvicorn/config.py", line 467, in load
    self.loaded_app = import_from_string(self.app)
                      ^^^^^^^^^^^^^^^^^^^^^^^^^^^^
  File "/Users/safaafaraji/ocr-intelligent-projet/ocr-intelligent/backend/venv/lib/python3.11/site-packages/uvicorn/importer.py", line 24, in import_from_string
    raise exc from None
  File "/Users/safaafaraji/ocr-intelligent-projet/ocr-intelligent/backend/venv/lib/python3.11/site-packages/uvicorn/importer.py", line 21, in import_from_string
    module = importlib.import_module(module_str)
             ^^^^^^^^^^^^^^^^^^^^^^^^^^^^^^^^^^^
  File "/opt/homebrew/Cellar/python@3.11/3.11.14_1/Frameworks/Python.framework/Versions/3.11/lib/python3.11/importlib/__init__.py", line 126, in import_module
    return _bootstrap._gcd_import(name[level:], package, level)
           ^^^^^^^^^^^^^^^^^^^^^^^^^^^^^^^^^^^^^^^^^^^^^^^^^^^^
  File "<frozen importlib._bootstrap>", line 1204, in _gcd_import
  File "<frozen importlib._bootstrap>", line 1176, in _find_and_load
  File "<frozen importlib._bootstrap>", line 1147, in _find_and_load_unlocked
  File "<frozen importlib._bootstrap>", line 690, in _load_unlocked
  File "<frozen importlib._bootstrap_external>", line 940, in exec_module
  File "<frozen importlib._bootstrap>", line 241, in _call_with_frames_removed
  File "/Users/safaafaraji/ocr-intelligent-projet/ocr-intelligent/backend/app/main.py", line 7, in <module>
    from app.api.auth import router as auth_router
  File "/Users/safaafaraji/ocr-intelligent-projet/ocr-intelligent/backend/app/api/__init__.py", line 3, in <module>
    from app.api.auth import router as auth_router
  File "/Users/safaafaraji/ocr-intelligent-projet/ocr-intelligent/backend/app/api/auth.py", line 5, in <module>
    import jwt
ModuleNotFoundError: No module named 'jwt'
WARNING:  WatchFiles detected changes in 'venv/lib/python3.11/site-packages/jwt/jwk_set_cache.py', 'venv/lib/python3.11/site-packages/jwt/__init__.py', 'venv/lib/python3.11/site-packages/jwt/api_jwk.py', 'venv/lib/python3.11/site-packages/jwt/help.py', 'venv/lib/python3.11/site-packages/jwt/jwks_client.py', 'venv/lib/python3.11/site-packages/jwt/utils.py', 'venv/lib/python3.11/site-packages/jwt/api_jwt.py', 'venv/lib/python3.11/site-packages/jwt/warnings.py', 'venv/lib/python3.11/site-packages/jwt/exceptions.py', 'venv/lib/python3.11/site-packages/jwt/algorithms.py', 'venv/lib/python3.11/site-packages/jwt/api_jws.py', 'venv/lib/python3.11/site-packages/jwt/types.py'. Reloading...
INFO:     Started server process [82988]
INFO:     Waiting for application startup.
INFO:     Application startup complete.
INFO:     Shutting down
INFO:     Waiting for application shutdown.
INFO:     Application shutdown complete.
INFO:     Finished server process [82988]
============================================================
🚀 OCR INTELLIGENT - API AVANCÉE
============================================================
📦 Initialisation...
  ✅ uploads/
  ✅ results/
  ✅ static/
  ✅ exports/

📍 Endpoints disponibles:
  • http://localhost:8000/          - Accueil
  • http://localhost:8000/docs      - Documentation API
  • http://localhost:8000/health    - Santé de l'API

🔑 Authentification:
  • POST /api/auth/login           - Connexion
  • POST /api/auth/register        - Inscription
  • GET  /api/auth/me             - Profil utilisateur

📄 Traitement OCR:
  • POST /api/ocr/process         - Traiter un document
  • POST /api/ocr/batch-process   - Traiter plusieurs documents
  • GET  /api/ocr/results/{id}    - Récupérer résultats
  • GET  /api/ocr/stats           - Statistiques

⬇️  Téléchargement:
  • GET  /api/ocr/results/{id}/download/json
  • GET  /api/ocr/results/{id}/download/csv
  • GET  /api/ocr/results/{id}/download/txt

👤 Utilisateurs par défaut disponibles :
  • admin / Admin123!   (email: admin@ocri.com)
  • user / User123!     (email: user@ocri.com)
  • testeur / Test123!  (email: test@ocri.com)
============================================================


👋 Arrêt de l'application OCR Intelligent...
INFO:     Stopping reloader process [81482]
